// Jest Snapshot v1, https://goo.gl/fbAQLP

exports[`MHidden Component renders the MHidden Component 1`] = `
<h1>
  Some Content
</h1>
`;
