// Jest Snapshot v1, https://goo.gl/fbAQLP

exports[`App Component renders the App Component 1`] = `
<header
  className="css-z2vd3n"
>
  <a
    href="/"
    onClick={[Function]}
  />
</header>
`;
