// Jest Snapshot v1, https://goo.gl/fbAQLP

exports[`EmployeeProfileMenu Component renders the EmployeeProfileMenu Component 1`] = `null`;
