// Jest Snapshot v1, https://goo.gl/fbAQLP

exports[`MenuPopover Component renders the MenuPopover Component 1`] = `null`;
