// Jest Snapshot v1, https://goo.gl/fbAQLP

exports[`ScrollToTop Component renders the ScrollToTop Component 1`] = `null`;
