// Jest Snapshot v1, https://goo.gl/fbAQLP

exports[`SearchNotFound Component renders the SearchNotFound Component 1`] = `
<div
  className="MuiPaper-root MuiPaper-elevation MuiPaper-rounded MuiPaper-elevation1 css-1ps6pg7-MuiPaper-root"
>
  <h6
    className="MuiTypography-root MuiTypography-subtitle1 MuiTypography-alignCenter MuiTypography-gutterBottom css-kxw4um-MuiTypography-root"
  >
    Not found
  </h6>
  <p
    className="MuiTypography-root MuiTypography-body2 MuiTypography-alignCenter css-1ypfif-MuiTypography-root"
  >
    No results found for Â 
    <strong>
      "
      Search Query
      "
    </strong>
    . Try checking for typos or using complete words.
  </p>
</div>
`;
